Startpoint: Instruction_In[0] (input port clocked by clk)
Endpoint: _43194_ (rising edge-triggered flip-flop clocked by clk)
Path Group: clk
Path Type: min

Fanout     Cap    Slew   Delay    Time   Description
-----------------------------------------------------------------------------
                  0.08    0.00    0.00   clock clk (rise edge)
                          0.00    0.00   clock network delay (ideal)
                          0.00    0.00 ^ input external delay
     1    0.00    0.02    0.00    0.00 ^ Instruction_In[0] (in)
                  0.02    0.00    0.00 ^ _37347_/A (sky130_fd_sc_hd__nand2_1)
     1    0.00    0.03    0.03    0.04 v _37347_/Y (sky130_fd_sc_hd__nand2_1)
                  0.03    0.00    0.04 v _37349_/A (sky130_fd_sc_hd__nand2_1)
     1    0.00    0.03    0.04    0.08 ^ _37349_/Y (sky130_fd_sc_hd__nand2_1)
                  0.03    0.00    0.08 ^ _43194_/D (sky130_fd_sc_hd__dfxtp_1)
                                  0.08   data arrival time

                  0.08    0.00    0.00   clock clk (rise edge)
                          0.00    0.00   clock network delay (ideal)
                          0.05    0.05   clock uncertainty
                          0.00    0.05   clock reconvergence pessimism
                                  0.05 ^ _43194_/CLK (sky130_fd_sc_hd__dfxtp_1)
                         -0.02    0.03   library hold time
                                  0.03   data required time
-----------------------------------------------------------------------------
                                  0.03   data required time
                                 -0.08   data arrival time
-----------------------------------------------------------------------------
                                  0.05   slack (MET)


Startpoint: _42082_ (rising edge-triggered flip-flop clocked by clk)
Endpoint: _42324_ (rising edge-triggered flip-flop clocked by clk)
Path Group: clk
Path Type: max

Fanout     Cap    Slew   Delay    Time   Description
-----------------------------------------------------------------------------
                  0.08    0.00    0.00   clock clk (rise edge)
                          0.00    0.00   clock network delay (ideal)
                  0.08    0.00    0.00 ^ _42082_/CLK (sky130_fd_sc_hd__dfxtp_1)
    46    0.10    0.44    0.63    0.63 v _42082_/Q (sky130_fd_sc_hd__dfxtp_1)
                  0.44    0.00    0.63 v _20371_/A (sky130_fd_sc_hd__or3b_1)
     2    0.00    0.08    0.51    1.14 v _20371_/X (sky130_fd_sc_hd__or3b_1)
                  0.08    0.00    1.14 v _20375_/A1 (sky130_fd_sc_hd__o22ai_1)
     9    0.02    0.48    0.42    1.55 ^ _20375_/Y (sky130_fd_sc_hd__o22ai_1)
                  0.48    0.00    1.55 ^ _21103_/A1 (sky130_fd_sc_hd__o211ai_1)
     1    0.00    0.10    0.16    1.71 v _21103_/Y (sky130_fd_sc_hd__o211ai_1)
                  0.10    0.00    1.71 v _21107_/A2 (sky130_fd_sc_hd__a31oi_1)
     1    0.00    0.12    0.17    1.88 ^ _21107_/Y (sky130_fd_sc_hd__a31oi_1)
                  0.12    0.00    1.88 ^ _21110_/B1 (sky130_fd_sc_hd__o221ai_1)
     2    0.00    0.11    0.13    2.01 v _21110_/Y (sky130_fd_sc_hd__o221ai_1)
                  0.11    0.00    2.01 v _21111_/C (sky130_fd_sc_hd__and3_1)
     3    0.01    0.06    0.22    2.24 v _21111_/X (sky130_fd_sc_hd__and3_1)
                  0.06    0.00    2.24 v _23779_/B1 (sky130_fd_sc_hd__a211oi_1)
     2    0.01    0.31    0.30    2.54 ^ _23779_/Y (sky130_fd_sc_hd__a211oi_1)
                  0.31    0.00    2.54 ^ _23781_/A (sky130_fd_sc_hd__nor2_2)
     6    0.02    0.10    0.13    2.66 v _23781_/Y (sky130_fd_sc_hd__nor2_2)
                  0.10    0.00    2.66 v _29635_/B (sky130_fd_sc_hd__nor4_2)
     2    0.01    0.28    0.32    2.98 ^ _29635_/Y (sky130_fd_sc_hd__nor4_2)
                  0.28    0.00    2.98 ^ _29637_/A (sky130_fd_sc_hd__nor2_2)
     2    0.01    0.08    0.10    3.08 v _29637_/Y (sky130_fd_sc_hd__nor2_2)
                  0.08    0.00    3.08 v _29644_/B (sky130_fd_sc_hd__xnor2_2)
     2    0.01    0.07    0.15    3.23 v _29644_/Y (sky130_fd_sc_hd__xnor2_2)
                  0.07    0.00    3.23 v _29645_/C (sky130_fd_sc_hd__maj3_1)
     2    0.01    0.11    0.40    3.63 v _29645_/X (sky130_fd_sc_hd__maj3_1)
                  0.11    0.00    3.63 v _29647_/A (sky130_fd_sc_hd__xor2_2)
     3    0.01    0.20    0.24    3.87 ^ _29647_/X (sky130_fd_sc_hd__xor2_2)
                  0.20    0.00    3.87 ^ _29694_/B (sky130_fd_sc_hd__xnor3_1)
     2    0.00    0.08    0.35    4.22 v _29694_/X (sky130_fd_sc_hd__xnor3_1)
                  0.08    0.00    4.22 v _29695_/C (sky130_fd_sc_hd__nand3_1)
     5    0.01    0.17    0.16    4.38 ^ _29695_/Y (sky130_fd_sc_hd__nand3_1)
                  0.17    0.00    4.38 ^ _29765_/A (sky130_fd_sc_hd__nand2_1)
     1    0.01    0.07    0.09    4.47 v _29765_/Y (sky130_fd_sc_hd__nand2_1)
                  0.07    0.00    4.47 v _29766_/B (sky130_fd_sc_hd__xnor3_1)
     2    0.01    0.09    0.36    4.82 v _29766_/X (sky130_fd_sc_hd__xnor3_1)
                  0.09    0.00    4.82 v _29777_/B (sky130_fd_sc_hd__xor2_1)
     2    0.01    0.25    0.24    5.06 ^ _29777_/X (sky130_fd_sc_hd__xor2_1)
                  0.25    0.00    5.06 ^ _29846_/B (sky130_fd_sc_hd__xnor3_1)
     2    0.01    0.09    0.38    5.44 v _29846_/X (sky130_fd_sc_hd__xnor3_1)
                  0.09    0.00    5.44 v _29847_/B1 (sky130_fd_sc_hd__a21oi_2)
     3    0.01    0.14    0.15    5.60 ^ _29847_/Y (sky130_fd_sc_hd__a21oi_2)
                  0.14    0.00    5.60 ^ _29849_/A2 (sky130_fd_sc_hd__o21ai_2)
     3    0.01    0.07    0.08    5.68 v _29849_/Y (sky130_fd_sc_hd__o21ai_2)
                  0.07    0.00    5.68 v _29851_/A2 (sky130_fd_sc_hd__a21oi_2)
     3    0.01    0.15    0.19    5.87 ^ _29851_/Y (sky130_fd_sc_hd__a21oi_2)
                  0.15    0.00    5.87 ^ _29853_/A2 (sky130_fd_sc_hd__o21bai_2)
     3    0.01    0.07    0.09    5.96 v _29853_/Y (sky130_fd_sc_hd__o21bai_2)
                  0.07    0.00    5.96 v _29855_/A2 (sky130_fd_sc_hd__a21oi_2)
     3    0.01    0.13    0.17    6.13 ^ _29855_/Y (sky130_fd_sc_hd__a21oi_2)
                  0.13    0.00    6.13 ^ _29858_/A2 (sky130_fd_sc_hd__o21a_2)
     3    0.01    0.05    0.14    6.27 ^ _29858_/X (sky130_fd_sc_hd__o21a_2)
                  0.05    0.00    6.27 ^ _29860_/A2 (sky130_fd_sc_hd__o21ai_1)
     3    0.01    0.08    0.07    6.34 v _29860_/Y (sky130_fd_sc_hd__o21ai_1)
                  0.08    0.00    6.34 v _29862_/A2 (sky130_fd_sc_hd__a21o_1)
     3    0.01    0.06    0.22    6.56 v _29862_/X (sky130_fd_sc_hd__a21o_1)
                  0.06    0.00    6.56 v _29864_/A2 (sky130_fd_sc_hd__a21oi_2)
     3    0.01    0.15    0.18    6.74 ^ _29864_/Y (sky130_fd_sc_hd__a21oi_2)
                  0.15    0.00    6.74 ^ _29866_/A2 (sky130_fd_sc_hd__o21ai_2)
     3    0.01    0.07    0.08    6.83 v _29866_/Y (sky130_fd_sc_hd__o21ai_2)
                  0.07    0.00    6.83 v _29868_/A2 (sky130_fd_sc_hd__a21oi_2)
     3    0.01    0.15    0.19    7.01 ^ _29868_/Y (sky130_fd_sc_hd__a21oi_2)
                  0.15    0.00    7.01 ^ _29870_/A2 (sky130_fd_sc_hd__o21bai_2)
     3    0.01    0.07    0.09    7.10 v _29870_/Y (sky130_fd_sc_hd__o21bai_2)
                  0.07    0.00    7.10 v _29873_/A2 (sky130_fd_sc_hd__a21oi_2)
     3    0.01    0.12    0.16    7.27 ^ _29873_/Y (sky130_fd_sc_hd__a21oi_2)
                  0.12    0.00    7.27 ^ _29876_/A2 (sky130_fd_sc_hd__o21ai_1)
     3    0.01    0.10    0.11    7.37 v _29876_/Y (sky130_fd_sc_hd__o21ai_1)
                  0.10    0.00    7.37 v _29878_/A2 (sky130_fd_sc_hd__a21oi_2)
     4    0.01    0.16    0.20    7.58 ^ _29878_/Y (sky130_fd_sc_hd__a21oi_2)
                  0.16    0.00    7.58 ^ _29937_/A2 (sky130_fd_sc_hd__o211ai_2)
     2    0.01    0.10    0.10    7.68 v _29937_/Y (sky130_fd_sc_hd__o211ai_2)
                  0.10    0.00    7.68 v _29944_/A1 (sky130_fd_sc_hd__a21oi_2)
     3    0.01    0.13    0.17    7.85 ^ _29944_/Y (sky130_fd_sc_hd__a21oi_2)
                  0.13    0.00    7.85 ^ _29946_/A2 (sky130_fd_sc_hd__o21bai_1)
     3    0.01    0.09    0.11    7.95 v _29946_/Y (sky130_fd_sc_hd__o21bai_1)
                  0.09    0.00    7.95 v _29962_/A2 (sky130_fd_sc_hd__a211oi_2)
     2    0.00    0.18    0.24    8.19 ^ _29962_/Y (sky130_fd_sc_hd__a211oi_2)
                  0.18    0.00    8.19 ^ _29966_/A1 (sky130_fd_sc_hd__o21a_2)
     3    0.01    0.07    0.18    8.38 ^ _29966_/X (sky130_fd_sc_hd__o21a_2)
                  0.07    0.00    8.38 ^ _29967_/C (sky130_fd_sc_hd__nor3_2)
     3    0.01    0.06    0.06    8.43 v _29967_/Y (sky130_fd_sc_hd__nor3_2)
                  0.06    0.00    8.43 v _29969_/A3 (sky130_fd_sc_hd__o31ai_4)
     2    0.01    0.22    0.20    8.64 ^ _29969_/Y (sky130_fd_sc_hd__o31ai_4)
                  0.22    0.00    8.64 ^ _29970_/A2 (sky130_fd_sc_hd__a21boi_2)
     3    0.01    0.08    0.11    8.75 v _29970_/Y (sky130_fd_sc_hd__a21boi_2)
                  0.08    0.00    8.75 v _29973_/A2 (sky130_fd_sc_hd__o211ai_2)
     3    0.01    0.16    0.17    8.92 ^ _29973_/Y (sky130_fd_sc_hd__o211ai_2)
                  0.16    0.00    8.92 ^ _29976_/A3 (sky130_fd_sc_hd__a31oi_1)
     2    0.01    0.12    0.14    9.06 v _29976_/Y (sky130_fd_sc_hd__a31oi_1)
                  0.12    0.00    9.06 v _29978_/A2 (sky130_fd_sc_hd__o21bai_2)
     3    0.01    0.15    0.18    9.24 ^ _29978_/Y (sky130_fd_sc_hd__o21bai_2)
                  0.15    0.00    9.24 ^ _29979_/A2 (sky130_fd_sc_hd__a21oi_2)
     2    0.01    0.07    0.09    9.33 v _29979_/Y (sky130_fd_sc_hd__a21oi_2)
                  0.07    0.00    9.33 v _29980_/A2 (sky130_fd_sc_hd__o21ai_2)
     2    0.01    0.15    0.16    9.49 ^ _29980_/Y (sky130_fd_sc_hd__o21ai_2)
                  0.15    0.00    9.49 ^ _29981_/A2 (sky130_fd_sc_hd__a21boi_2)
     2    0.01    0.07    0.09    9.58 v _29981_/Y (sky130_fd_sc_hd__a21boi_2)
                  0.07    0.00    9.58 v _29983_/A2 (sky130_fd_sc_hd__o21ai_2)
     3    0.01    0.15    0.16    9.74 ^ _29983_/Y (sky130_fd_sc_hd__o21ai_2)
                  0.15    0.00    9.74 ^ _30022_/B (sky130_fd_sc_hd__nand3_1)
     2    0.01    0.11    0.12    9.86 v _30022_/Y (sky130_fd_sc_hd__nand3_1)
                  0.11    0.00    9.86 v _30030_/A1 (sky130_fd_sc_hd__a21oi_2)
     3    0.01    0.15    0.19   10.05 ^ _30030_/Y (sky130_fd_sc_hd__a21oi_2)
                  0.15    0.00   10.05 ^ _30032_/A2 (sky130_fd_sc_hd__o21ai_2)
     3    0.01    0.07    0.09   10.13 v _30032_/Y (sky130_fd_sc_hd__o21ai_2)
                  0.07    0.00   10.13 v _30035_/A2 (sky130_fd_sc_hd__a21oi_2)
     3    0.01    0.15    0.19   10.32 ^ _30035_/Y (sky130_fd_sc_hd__a21oi_2)
                  0.15    0.00   10.32 ^ _30038_/A2 (sky130_fd_sc_hd__o21ai_2)
     3    0.01    0.07    0.09   10.41 v _30038_/Y (sky130_fd_sc_hd__o21ai_2)
                  0.07    0.00   10.41 v _30040_/A2 (sky130_fd_sc_hd__a21oi_2)
     3    0.01    0.12    0.16   10.57 ^ _30040_/Y (sky130_fd_sc_hd__a21oi_2)
                  0.12    0.00   10.57 ^ _30044_/A3 (sky130_fd_sc_hd__o311ai_1)
     3    0.01    0.11    0.12   10.68 v _30044_/Y (sky130_fd_sc_hd__o311ai_1)
                  0.11    0.00   10.68 v _30046_/A2 (sky130_fd_sc_hd__a21o_1)
     3    0.01    0.05    0.21   10.90 v _30046_/X (sky130_fd_sc_hd__a21o_1)
                  0.05    0.00   10.90 v _30049_/A2 (sky130_fd_sc_hd__a21o_1)
     3    0.01    0.05    0.19   11.09 v _30049_/X (sky130_fd_sc_hd__a21o_1)
                  0.05    0.00   11.09 v _30052_/A2 (sky130_fd_sc_hd__a21o_1)
     3    0.01    0.05    0.19   11.28 v _30052_/X (sky130_fd_sc_hd__a21o_1)
                  0.05    0.00   11.28 v _30055_/A2 (sky130_fd_sc_hd__a21o_1)
     3    0.01    0.06    0.20   11.49 v _30055_/X (sky130_fd_sc_hd__a21o_1)
                  0.06    0.00   11.49 v _30058_/A2 (sky130_fd_sc_hd__a21oi_2)
     3    0.01    0.12    0.16   11.65 ^ _30058_/Y (sky130_fd_sc_hd__a21oi_2)
                  0.12    0.00   11.65 ^ _30061_/A2 (sky130_fd_sc_hd__o21ai_1)
     3    0.01    0.08    0.10   11.74 v _30061_/Y (sky130_fd_sc_hd__o21ai_1)
                  0.08    0.00   11.74 v _30063_/A2 (sky130_fd_sc_hd__a21o_1)
     3    0.01    0.05    0.20   11.95 v _30063_/X (sky130_fd_sc_hd__a21o_1)
                  0.05    0.00   11.95 v _30065_/A2 (sky130_fd_sc_hd__a21o_1)
     3    0.01    0.05    0.19   12.14 v _30065_/X (sky130_fd_sc_hd__a21o_1)
                  0.05    0.00   12.14 v _33829_/A1 (sky130_fd_sc_hd__a31oi_1)
     1    0.00    0.12    0.12   12.26 ^ _33829_/Y (sky130_fd_sc_hd__a31oi_1)
                  0.12    0.00   12.26 ^ _33831_/B (sky130_fd_sc_hd__nor3_1)
     1    0.00    0.39    0.06   12.32 v _33831_/Y (sky130_fd_sc_hd__nor3_1)
                  0.39    0.00   12.32 v _42324_/D (sky130_fd_sc_hd__dfxtp_1)
                                 12.32   data arrival time

                  0.08   12.00   12.00   clock clk (rise edge)
                          0.00   12.00   clock network delay (ideal)
                         -0.20   11.80   clock uncertainty
                          0.00   11.80   clock reconvergence pessimism
                                 11.80 ^ _42324_/CLK (sky130_fd_sc_hd__dfxtp_1)
                         -0.25   11.55   library setup time
                                 11.55   data required time
-----------------------------------------------------------------------------
                                 11.55   data required time
                                -12.32   data arrival time
-----------------------------------------------------------------------------
                                 -0.77   slack (VIOLATED)


